2026-07-02 00:16:03,423 | INFO | Connected to Binance Futures Testnet.
2026-07-02 00:18:18,257 | INFO | Connected to Binance Futures Testnet.
2026-07-02 00:18:55,883 | INFO | Connected to Binance Futures Testnet.
2026-07-02 00:23:24,946 | INFO | Connected to Binance Futures Testnet.
2026-07-02 00:35:00,932 | INFO | Connected to Binance Futures Testnet.
2026-07-02 00:38:33,854 | INFO | POST https://testnet.binancefuture.com/fapi/v1/order
2026-07-02 00:38:33,854 | INFO | {'symbol': 'BTCUSDT', 'side': 'BUY', 'type': 'MARKET', 'quantity': 0.001, 'timestamp': 1782932913854, 'signature': '02274a43a67fee3195a694a71b345eb3e56a7fe6422a8354c59f8865d847fa59'}
2026-07-02 00:38:34,553 | INFO | {"code":-2019,"msg":"Margin is insufficient."}
2026-07-02 00:44:58,173 | INFO | GET https://testnet.binancefuture.com/fapi/v2/balance
2026-07-02 00:44:58,173 | INFO | {'timestamp': 1782933298173, 'recvWindow': 5000, 'signature': '37260c10fc35374ac672712af042be1fa1a2bd72b5918810b1855dfc246daff8'}
2026-07-02 00:44:58,697 | INFO | [{"accountAlias":"AuXquXAuoCmYSg","asset":"FDUSD","balance":"0.00000000","crossWalletBalance":"0.00000000","crossUnPnl":"0.00000000","availableBalance":"0.00000000","maxWithdrawAmount":"0.00000000","marginAvailable":true,"updateTime":0},{"accountAlias":"AuXquXAuoCmYSg","asset":"U","balance":"0.00000000","crossWalletBalance":"0.00000000","crossUnPnl":"0.00000000","availableBalance":"0.00000000","maxWithdrawAmount":"0.00000000","marginAvailable":true,"updateTime":0},{"accountAlias":"AuXquXAuoCmYSg","asset":"BNB","balance":"0.00000000","crossWalletBalance":"0.00000000","crossUnPnl":"0.00000000","availableBalance":"0.00000000","maxWithdrawAmount":"0.00000000","marginAvailable":true,"updateTime":0},{"accountAlias":"AuXquXAuoCmYSg","asset":"ETH","balance":"0.00000000","crossWalletBalance":"0.00000000","crossUnPnl":"0.00000000","availableBalance":"0.00000000","maxWithdrawAmount":"0.00000000","marginAvailable":true,"updateTime":0},{"accountAlias":"AuXquXAuoCmYSg","asset":"BTC","balance":"0.01000000","crossWalletBalance":"0.01000000","crossUnPnl":"0.00000000","availableBalance":"0.01000000","maxWithdrawAmount":"0.01000000","marginAvailable":true,"updateTime":1782932994928},{"accountAlias":"AuXquXAuoCmYSg","asset":"USDT","balance":"5000.00000000","crossWalletBalance":"5000.00000000","crossUnPnl":"0.00000000","availableBalance":"5000.00000000","maxWithdrawAmount":"5000.00000000","marginAvailable":true,"updateTime":1782932994823},{"accountAlias":"AuXquXAuoCmYSg","asset":"USD1","balance":"0.00000000","crossWalletBalance":"0.00000000","crossUnPnl":"0.00000000","availableBalance":"0.00000000","maxWithdrawAmount":"0.00000000","marginAvailable":true,"updateTime":0},{"accountAlias":"AuXquXAuoCmYSg","asset":"USDC","balance":"5000.00000000","crossWalletBalance":"5000.00000000","crossUnPnl":"0.00000000","availableBalance":"5000.00000000","maxWithdrawAmount":"5000.00000000","marginAvailable":true,"updateTime":1782932994872}]
2026-07-02 00:48:32,399 | INFO | GET https://testnet.binancefuture.com/fapi/v2/account
2026-07-02 00:48:32,399 | INFO | Parameters: {'timestamp': 1782933512399, 'recvWindow': 5000, 'signature': '95d53ece61ea282d6d704eb39aae6ecd725f317acc02efef00bd8d6a93c64ad5'}
2026-07-02 00:48:32,864 | INFO | Status Code: 200
2026-07-02 01:00:33,340 | INFO | Processing MARKET order.
2026-07-02 01:00:33,340 | INFO | POST https://testnet.binancefuture.com/fapi/v1/order
2026-07-02 01:00:33,340 | INFO | {'symbol': 'BTCUSDT', 'side': 'BUY', 'type': 'MARKET', 'quantity': 0.0005, 'timestamp': 1782934233340, 'recvWindow': 5000, 'signature': '76d63d9a792ec6d2c2b5f0e7380a050990f6def360e45b7175b2e1e50bd87c0a'}
2026-07-02 01:00:33,974 | INFO | {"code":-4164,"msg":"Order's notional must be no smaller than 50 (unless you choose reduce only)."}
2026-07-02 01:00:33,974 | ERROR | Order processing failed: Binance Error -4164: Order's notional must be no smaller than 50 (unless you choose reduce only).
2026-07-02 01:01:09,080 | INFO | Processing MARKET order.
2026-07-02 01:01:09,080 | INFO | POST https://testnet.binancefuture.com/fapi/v1/order
2026-07-02 01:01:09,081 | INFO | {'symbol': 'BTCUSDT', 'side': 'BUY', 'type': 'MARKET', 'quantity': 0.0006, 'timestamp': 1782934269080, 'recvWindow': 5000, 'signature': '1a906ad980bc9eda406f3b319b45261962b1ee8981431a42121042514b4c3691'}
2026-07-02 01:01:09,562 | INFO | {"code":-4164,"msg":"Order's notional must be no smaller than 50 (unless you choose reduce only)."}
2026-07-02 01:01:09,564 | ERROR | Order processing failed: Binance Error -4164: Order's notional must be no smaller than 50 (unless you choose reduce only).
2026-07-02 01:01:14,359 | INFO | Processing MARKET order.
2026-07-02 01:01:14,359 | INFO | POST https://testnet.binancefuture.com/fapi/v1/order
2026-07-02 01:01:14,359 | INFO | {'symbol': 'BTCUSDT', 'side': 'BUY', 'type': 'MARKET', 'quantity': 0.001, 'timestamp': 1782934274359, 'recvWindow': 5000, 'signature': '474072e9ad6893e6e9cc43b7867212d25d29a09d056435225610a5ae8f1efb57'}
2026-07-02 01:01:14,870 | INFO | {"orderId":18308369462,"symbol":"BTCUSDT","status":"NEW","clientOrderId":"Kx41THVdCWYS56ADjkq9eo","price":"0.00","origQty":"0.0010","executedQty":"0.0000","cumQty":"0.0000","timeInForce":"GTC","type":"MARKET","reduceOnly":false,"closePosition":false,"side":"BUY","positionSide":"BOTH","stopPrice":"0.00","workingType":"CONTRACT_PRICE","priceProtect":false,"origType":"MARKET","priceMatch":"NONE","selfTradePreventionMode":"EXPIRE_MAKER","goodTillDate":0,"updateTime":1782934274774}
2026-07-02 01:03:17,111 | INFO | Processing LIMIT order.
2026-07-02 01:03:17,111 | INFO | POST https://testnet.binancefuture.com/fapi/v1/order
2026-07-02 01:03:17,111 | INFO | {'symbol': 'BTCUSDT', 'side': 'SELL', 'type': 'LIMIT', 'quantity': 0.001, 'price': 200000.0, 'timeInForce': 'GTC', 'timestamp': 1782934397111, 'recvWindow': 5000, 'signature': 'e2e8d2d0eb43cf14e97fe1c3ba23de70079aa091706fc9284d394b651a8b30b4'}
2026-07-02 01:03:17,669 | INFO | {"orderId":18308711530,"symbol":"BTCUSDT","status":"NEW","clientOrderId":"9uHfgCCSTfaZVpFa1X1SrI","price":"200000.00","origQty":"0.0010","executedQty":"0.0000","cumQty":"0.0000","timeInForce":"GTC","type":"LIMIT","reduceOnly":false,"closePosition":false,"side":"SELL","positionSide":"BOTH","stopPrice":"0.00","workingType":"CONTRACT_PRICE","priceProtect":false,"origType":"LIMIT","priceMatch":"NONE","selfTradePreventionMode":"EXPIRE_MAKER","goodTillDate":0,"updateTime":1782934397580}
2026-07-02 01:12:54,774 | INFO | Processing MARKET order.
2026-07-02 01:12:54,774 | INFO | POST https://testnet.binancefuture.com/fapi/v1/order
2026-07-02 01:12:54,774 | INFO | {'symbol': 'BTCUSDT', 'side': 'BUY', 'type': 'MARKET', 'quantity': 0.001, 'timestamp': 1782934974774, 'recvWindow': 5000, 'signature': 'ce7b9088af29f5b0250e860549e0b783ff9eb1ecd032449d8e662bbe7e74bbe8'}
2026-07-02 01:12:55,612 | INFO | {"orderId":18310440003,"symbol":"BTCUSDT","status":"NEW","clientOrderId":"hSX9GYehwQA7Rm88i2GITZ","price":"0.00","origQty":"0.0010","executedQty":"0.0000","cumQty":"0.0000","timeInForce":"GTC","type":"MARKET","reduceOnly":false,"closePosition":false,"side":"BUY","positionSide":"BOTH","stopPrice":"0.00","workingType":"CONTRACT_PRICE","priceProtect":false,"origType":"MARKET","priceMatch":"NONE","selfTradePreventionMode":"EXPIRE_MAKER","goodTillDate":0,"updateTime":1782934975518}
2026-07-02 01:13:00,806 | INFO | Processing LIMIT order.
2026-07-02 01:13:00,806 | INFO | POST https://testnet.binancefuture.com/fapi/v1/order
2026-07-02 01:13:00,806 | INFO | {'symbol': 'BTCUSDT', 'side': 'SELL', 'type': 'LIMIT', 'quantity': 0.001, 'price': 200000.0, 'timeInForce': 'GTC', 'timestamp': 1782934980806, 'recvWindow': 5000, 'signature': '13bb65bad67687eae7e3c7d1afc01c3aab724922e855af6f1dab153588dbede5'}
2026-07-02 01:13:01,363 | INFO | {"orderId":18310455289,"symbol":"BTCUSDT","status":"NEW","clientOrderId":"G8chCFKNGAyIAVUuADmQLf","price":"200000.00","origQty":"0.0010","executedQty":"0.0000","cumQty":"0.0000","timeInForce":"GTC","type":"LIMIT","reduceOnly":false,"closePosition":false,"side":"SELL","positionSide":"BOTH","stopPrice":"0.00","workingType":"CONTRACT_PRICE","priceProtect":false,"origType":"LIMIT","priceMatch":"NONE","selfTradePreventionMode":"EXPIRE_MAKER","goodTillDate":0,"updateTime":1782934981284}
